ERROR: the option '--lutin-file' is required but missing

Lutin analyzer and executer
---------------------------

Usage: ../lut <lutin-file> [options]
Allowed options:
  -h [ --help ]         : Prints this help
  -p [ --print ]        : Prints the internal representation
  -a [ --analyze ]      : Analyzes code and outputs error to stderr
  -e [ --exec ]         : Executes the given Lutin program
  -1 [ --optim1 ]       : Propagates constants and neutral elements
  -o [ --optim2 ]       : Propagates variable with constant value
