> Error, please type an integer.
> Error, please type an integer.
> Error, please type an integer.
> Error, please type an integer.
> Error, please type an integer.
> > > > > 10
40
90
160
250