Syntactic error (1:7) symbol `,` or `;` expected
Syntactic error (4:5) symbol `,` or `;` expected
Syntactic error (4:6) symbol `=` expected
Syntactic error (4:6) value expected
Syntactic error (8:4) operator `:=` expected
