ecrire 20;
ecrire 20;
ecrire 20;
ecrire 20;
ecrire 20;
ecrire 22;
ecrire 1;
ecrire -1;
